// Jest Snapshot v1, https://goo.gl/fbAQLP

exports[`Should render add expese page correctly 1`] = `
<div>
  <h1>
    Add Expense 
  </h1>
  <ExpenseForm
    expense={
      Object {
        "amount": "",
        "createdAt": "1970-01-01T00:00:00.000Z",
        "description": "",
        "notes": "",
      }
    }
    onSubmit={[Function]}
  />
</div>
`;
