// Jest Snapshot v1, https://goo.gl/fbAQLP

exports[`Should render EditExpensePage correctly 1`] = `
<div>
  <ExpenseForm
    expense={
      Object {
        "amount": "19500",
        "createdAt": 0,
        "description": "Gum",
        "id": "1",
        "notes": "",
      }
    }
    onSubmit={[Function]}
  />
  <button
    onClick={[Function]}
  >
    Remove
  </button>
</div>
`;
