// Jest Snapshot v1, https://goo.gl/fbAQLP

exports[`Should render ExpensesListItem correctly 1`] = `
<div>
  <Link
    replace={false}
    to="/edit/2"
  >
    <h2>
       
      Rent
       
    </h2>
  </Link>
  <p>
     
    $109,500.00
    -
    Dec 28th 1969
  </p>
</div>
`;
